---
source: alpm-srcinfo/tests/correct.rs
description: all_cleared merged representation.
expression: package_json
---
[
  {
    "name": "example",
    "description": null,
    "url": null,
    "licenses": [],
    "architecture": "x86_64",
    "changelog": null,
    "install": null,
    "groups": [],
    "options": [],
    "backups": [],
    "version": {
      "pkgver": "0.1.0",
      "pkgrel": {
        "major": 1,
        "minor": null
      },
      "epoch": 1
    },
    "pgp_fingerprints": [],
    "dependencies": [],
    "optional_dependencies": [],
    "provides": [],
    "conflicts": [],
    "replaces": [],
    "check_dependencies": [],
    "make_dependencies": [],
    "sources": [],
    "no_extracts": []
  }
]
