---
source: alpm-srcinfo/tests/correct.rs
description: all_overrides merged representation.
expression: package_json
---
[
  {
    "name": "example",
    "description": "overridden",
    "url": "https://overridden.com/",
    "licenses": [
      "Apache-2.0"
    ],
    "architecture": "x86_64",
    "changelog": "overridden.stub",
    "install": "overridden.stub",
    "groups": [
      "overridden"
    ],
    "options": [
      {
        "name": "emptydirs",
        "on": true
      }
    ],
    "backups": [
      "overridden"
    ],
    "package_version": "0.1.0",
    "package_release": {
      "major": 1,
      "minor": null
    },
    "epoch": 1,
    "pgp_fingerprints": [],
    "dependencies": [
      {
        "name": "overridden",
        "version_requirement": null
      },
      {
        "name": "arch_overridden",
        "version_requirement": null
      }
    ],
    "optional_dependencies": [
      {
        "package_relation": {
          "name": "overridden",
          "version_requirement": null
        },
        "description": null
      },
      {
        "package_relation": {
          "name": "arch_overridden",
          "version_requirement": null
        },
        "description": null
      }
    ],
    "provides": [
      {
        "name": "overridden",
        "version_requirement": null
      },
      {
        "name": "arch_overridden",
        "version_requirement": null
      }
    ],
    "conflicts": [
      {
        "name": "overridden",
        "version_requirement": null
      },
      {
        "name": "arch_overridden",
        "version_requirement": null
      }
    ],
    "replaces": [
      {
        "name": "overridden",
        "version_requirement": null
      },
      {
        "name": "arch_overridden",
        "version_requirement": null
      }
    ],
    "check_dependencies": [],
    "make_dependencies": [],
    "sources": [],
    "no_extracts": []
  }
]
