---
source: alpm-srcinfo/tests/parse_errors.rs
description: "pkgbase = test\n    pkgver = 1.0.0\n\tpkgrel = 1\n\n# Miss the pkgname section.\n\n"
expression: "format!(\"{error}\")"
---
File parsing error:
parse error at line 6, column 2
  |
6 | 
  |  ^
invalid pkgname section header
