---
source: alpm-srcinfo/tests/pkgbuild_correct.rs
description: simple PKGBUILD -> SRCINFO generation.
expression: srcinfo_output
---
pkgbase = example
	pkgdesc = A minimalistic example.
	pkgver = 0.1.0
	pkgrel = 1
	url = https://archlinux.org/
	arch = x86_64
	license = MIT

pkgname = example
