---
source: alpm-pkgbuild/tests/correct.rs
description: all_overrides PKGBUILD -> SRCINFO generation.
expression: raw_bridge_output
---
VAR GLOBAL ARRAY arch "x86_64" "aarch64"
VAR GLOBAL ARRAY backup "etc/pacman.conf"
VAR GLOBAL STRING changelog "changelog.stub"
VAR GLOBAL ARRAY groups "group" "group_2"
VAR GLOBAL STRING epoch "1"
VAR GLOBAL STRING install "install.sh.stub"
VAR GLOBAL ARRAY license "MIT"
VAR GLOBAL ARRAY options "!lto"
VAR GLOBAL STRING pkgbase "example"
VAR GLOBAL STRING pkgdesc "A example with all pkgbase properties set."
VAR GLOBAL ARRAY pkgname "example"
VAR GLOBAL STRING pkgrel "1"
VAR GLOBAL STRING pkgver "0.1.0"
VAR GLOBAL STRING url "https://archlinux.org/"
VAR GLOBAL ARRAY conflicts "default_conflict"
VAR GLOBAL ARRAY optdepends "default_optdep"
VAR GLOBAL ARRAY provides "default_provides"
VAR GLOBAL ARRAY replaces "default_replaces"
VAR GLOBAL ARRAY conflicts_x86_64 "arch_default_conflict"
VAR GLOBAL ARRAY depends_x86_64 "arch_default_dep"
VAR GLOBAL ARRAY optdepends_x86_64 "arch_default_optdep"
VAR GLOBAL ARRAY provides_x86_64 "arch_default_provides"
VAR GLOBAL ARRAY replaces_x86_64 "arch_default_replaces"
VAR FUNCTION package_example ARRAY arch "aarch64"
VAR FUNCTION package_example ARRAY backup "overridden"
VAR FUNCTION package_example STRING changelog "overridden.stub"
VAR FUNCTION package_example ARRAY groups "overridden"
VAR FUNCTION package_example STRING install "overridden.stub"
VAR FUNCTION package_example ARRAY license "Apache-2.0"
VAR FUNCTION package_example ARRAY options "emptydirs"
VAR FUNCTION package_example STRING pkgdesc "overridden"
VAR FUNCTION package_example STRING url "https://overridden.com/"
VAR FUNCTION package_example ARRAY conflicts "overridden"
VAR FUNCTION package_example STRING depends ""
VAR FUNCTION package_example ARRAY optdepends
VAR FUNCTION package_example ARRAY provides "overridden"
VAR FUNCTION package_example ARRAY replaces "overridden"
VAR FUNCTION package_example ARRAY conflicts_x86_64 "arch_overridden"
VAR FUNCTION package_example ARRAY depends_x86_64 "arch_overridden"
VAR FUNCTION package_example ARRAY optdepends_x86_64 "arch_overridden"
VAR FUNCTION package_example ARRAY provides_x86_64 "arch_overridden"
VAR FUNCTION package_example ARRAY replaces_x86_64 "arch_overridden"
FUNCTION package_example
