---
source: alpm-srcinfo/tests/pkgbuild_correct.rs
description: all_cleared PKGBUILD -> SRCINFO generation.
expression: raw_bridge_output
---
VAR GLOBAL ARRAY arch "x86_64" "aarch64"
VAR GLOBAL ARRAY backup "etc/pacman.conf"
VAR GLOBAL STRING changelog "changelog.stub"
VAR GLOBAL ARRAY groups "group" "group_2"
VAR GLOBAL STRING epoch "1"
VAR GLOBAL STRING install "install.sh.stub"
VAR GLOBAL ARRAY license "MIT"
VAR GLOBAL ARRAY options "!lto"
VAR GLOBAL STRING pkgbase "example"
VAR GLOBAL STRING pkgdesc "A example with all pkgbase properties set."
VAR GLOBAL ARRAY pkgname "example"
VAR GLOBAL STRING pkgrel "1"
VAR GLOBAL STRING pkgver "0.1.0"
VAR GLOBAL STRING url "https://archlinux.org/"
VAR GLOBAL ARRAY conflicts "default_conflict"
VAR GLOBAL ARRAY depends "default_dep"
VAR GLOBAL ARRAY optdepends "default_optdep"
VAR GLOBAL ARRAY provides "default_provides"
VAR GLOBAL ARRAY replaces "default_replaces"
VAR GLOBAL ARRAY conflicts_x86_64 "arch_default_conflict"
VAR GLOBAL ARRAY depends_x86_64 "arch_default_dep"
VAR GLOBAL ARRAY optdepends_x86_64 "arch_default_optdep"
VAR GLOBAL ARRAY provides_x86_64 "arch_default_provides"
VAR GLOBAL ARRAY replaces_x86_64 "arch_default_replaces"
VAR FUNCTION package_example ARRAY backup
VAR FUNCTION package_example STRING changelog ""
VAR FUNCTION package_example ARRAY groups
VAR FUNCTION package_example STRING install ""
VAR FUNCTION package_example ARRAY license
VAR FUNCTION package_example ARRAY options
VAR FUNCTION package_example STRING pkgdesc ""
VAR FUNCTION package_example STRING url ""
VAR FUNCTION package_example ARRAY conflicts
VAR FUNCTION package_example ARRAY depends
VAR FUNCTION package_example ARRAY optdepends
VAR FUNCTION package_example ARRAY provides
VAR FUNCTION package_example ARRAY replaces
VAR FUNCTION package_example ARRAY conflicts_x86_64
VAR FUNCTION package_example ARRAY depends_x86_64
VAR FUNCTION package_example ARRAY optdepends_x86_64
VAR FUNCTION package_example ARRAY provides_x86_64
VAR FUNCTION package_example ARRAY replaces_x86_64
FUNCTION package_example
