---
source: alpm-srcinfo/tests/pkgbuild_correct.rs
description: full_pkgbase PKGBUILD -> SRCINFO generation.
expression: raw_bridge_output
---
VAR GLOBAL ARRAY arch "x86_64" "aarch64"
VAR GLOBAL ARRAY backup "etc/pacman.conf"
VAR GLOBAL STRING changelog "changelog.stub"
VAR GLOBAL ARRAY groups "group" "group_2"
VAR GLOBAL STRING epoch "1"
VAR GLOBAL STRING install "install.sh.stub"
VAR GLOBAL ARRAY license "MIT" "Apache-2.0"
VAR GLOBAL ARRAY options "!lto" "emptydirs"
VAR GLOBAL STRING pkgbase "example"
VAR GLOBAL STRING pkgdesc "A example with all pkgbase properties set."
VAR GLOBAL ARRAY pkgname "example"
VAR GLOBAL STRING pkgrel "1"
VAR GLOBAL STRING pkgver "0.1.0"
VAR GLOBAL STRING url "https://archlinux.org/"
VAR GLOBAL ARRAY validpgpkeys "4A0C4DFFC02E1A7ED969ED231C2358A25A10D94D" "4A0C4DFFC02E1A7ED969ED231C2358A25A10D94E"
VAR GLOBAL ARRAY checkdepends "default_checkdep" "default_checkdep_2=2.0.0"
VAR GLOBAL ARRAY conflicts "default_conflict" "default_conflict_2=2.0.0"
VAR GLOBAL ARRAY depends "default_dep" "default_dep_2=2.0.0"
VAR GLOBAL ARRAY makedepends "default_makedep" "default_makedep_2=2.0.0"
VAR GLOBAL ARRAY noextract "source_3.zip" "source_4.tar.gz"
VAR GLOBAL ARRAY optdepends "default_optdep" "default_optdep_2=2.0.0: With description"
VAR GLOBAL ARRAY provides "default_provides" "default_provides_2=2.0.0"
VAR GLOBAL ARRAY replaces "default_replaces" "default_replaces_2=2.0.0"
VAR GLOBAL ARRAY source "source_1.tar.gz" "source_2::git+https://upstream.com/example.git?signed#branch=0.1.0" "source_3.zip" "source_4.tar.gz"
VAR GLOBAL ARRAY sha224sums "8670e639dbc738367c4278c5028b5efcad1699b314535cbe2a0c34d5" "SKIP" "SKIP" "SKIP"
VAR GLOBAL ARRAY sha256sums "53d397944805bdc878082d735eb5306692a0db2410cd9463a8b4bb135b5b9562" "SKIP" "SKIP" "SKIP"
VAR GLOBAL ARRAY sha384sums "5487a70ec49363202624edbaf66538fd0749f735e7f28608cf8eebbf0ba196d76482021708b5831322b6846c44b73360" "SKIP" "SKIP" "SKIP"
VAR GLOBAL ARRAY sha512sums "1816c57b4abf31eb7c57a66bfb0f0ee5cef9398b5e4cc303468e08dae2702da55978402da94673e444f8c02754e94dedef4d12450319383c3a481d1c5cd90c82" "SKIP" "SKIP" "SKIP"
VAR GLOBAL ARRAY b2sums "87dd1c13611882900bbcc29a84f8856a7bcd111979815435f9f7aa9c77fb77592fc56324ce3ba6c18df0609a5057e6e3589b9bcced9e7475f2984478b9028a97" "SKIP" "SKIP" "SKIP"
VAR GLOBAL ARRAY checkdepends_x86_64 "arch_default_checkdep" "arch_default_checkdep_2=2.0.0"
VAR GLOBAL ARRAY conflicts_x86_64 "arch_default_conflict" "arch_default_conflict_2=2.0.0"
VAR GLOBAL ARRAY depends_x86_64 "arch_default_dep" "arch_default_dep_2=2.0.0"
VAR GLOBAL ARRAY makedepends_x86_64 "arch_default_makedep" "arch_default_makedep_2=2.0.0"
VAR GLOBAL ARRAY optdepends_x86_64 "arch_default_optdep" "arch_default_optdep_2=2.0.0: With description"
VAR GLOBAL ARRAY provides_x86_64 "arch_default_provides" "arch_default_provides_2=2.0.0"
VAR GLOBAL ARRAY replaces_x86_64 "arch_default_replaces" "arch_default_replaces_2=2.0.0"
VAR GLOBAL ARRAY source_x86_64 "arch_source_1.tar.gz" "arch_source_2.patch"
VAR GLOBAL ARRAY sha224sums_x86_64 "8670e639dbc738367c4278c5028b5efcad1699b314535cbe2a0c34d5" "SKIP"
VAR GLOBAL ARRAY sha256sums_x86_64 "53d397944805bdc878082d735eb5306692a0db2410cd9463a8b4bb135b5b9562" "SKIP"
VAR GLOBAL ARRAY sha384sums_x86_64 "5487a70ec49363202624edbaf66538fd0749f735e7f28608cf8eebbf0ba196d76482021708b5831322b6846c44b73360" "SKIP"
VAR GLOBAL ARRAY sha512sums_x86_64 "1816c57b4abf31eb7c57a66bfb0f0ee5cef9398b5e4cc303468e08dae2702da55978402da94673e444f8c02754e94dedef4d12450319383c3a481d1c5cd90c82" "SKIP"
VAR GLOBAL ARRAY b2sums_x86_64 "87dd1c13611882900bbcc29a84f8856a7bcd111979815435f9f7aa9c77fb77592fc56324ce3ba6c18df0609a5057e6e3589b9bcced9e7475f2984478b9028a97" "SKIP"
VAR GLOBAL ARRAY checkdepends_aarch64 "unexpected"
VAR GLOBAL ARRAY conflicts_aarch64 "unexpected"
VAR GLOBAL ARRAY depends_aarch64 "unexpected"
VAR GLOBAL ARRAY makedepends_aarch64 "unexpected"
VAR GLOBAL ARRAY optdepends_aarch64 "unexpected"
VAR GLOBAL ARRAY provides_aarch64 "unexpected"
VAR GLOBAL ARRAY replaces_aarch64 "unexpected"
VAR GLOBAL ARRAY source_aarch64 "unexpected"
VAR GLOBAL ARRAY sha224sums_aarch64 "beefc0ffeec738367c4278c5028b5efcad1699b314535cbe2a0c34d5"
VAR GLOBAL ARRAY sha256sums_aarch64 "beefc0ffee05bdc878082d735eb5306692a0db2410cd9463a8b4bb135b5b9562"
VAR GLOBAL ARRAY sha384sums_aarch64 "beefc0ffee9363202624edbaf66538fd0749f735e7f28608cf8eebbf0ba196d76482021708b5831322b6846c44b73360"
VAR GLOBAL ARRAY sha512sums_aarch64 "beefc0ffeebf31eb7c57a66bfb0f0ee5cef9398b5e4cc303468e08dae2702da55978402da94673e444f8c02754e94dedef4d12450319383c3a481d1c5cd90c82"
VAR GLOBAL ARRAY b2sums_aarch64 "beefc0ffee1882900bbcc29a84f8856a7bcd111979815435f9f7aa9c77fb77592fc56324ce3ba6c18df0609a5057e6e3589b9bcced9e7475f2984478b9028a97"
FUNCTION package_example
