---
source: alpm-srcinfo/tests/pkgbuild_invalid.rs
description: cleared_array_on_single_value PKGBUILD -> SRCINFO generation.
expression: err.to_string()
---
Found array of values for keyword 'url' that expects a single value:
