---
source: alpm-lint/tests/display.rs
description: Minimal display with only required fields.
expression: "format!(\"{display}\")"
---
error[lint_rule_name]
   |
   | message
   |
help: help_text
   = see: https://alpm.archlinux.page/lints/index.html#lint_rule_name
