---
source: alpm-lint/tests/display.rs
description: Display with multi-line help text.
expression: "format!(\"{display}\")"
---
error[lint_rule_name]
   |
   | message
   |
help: multi_line
      help_text
   = see: https://alpm.archlinux.page/lints/index.html#lint_rule_name
