---
source: alpm-lint/tests/display.rs
description: suggest severity level display.
expression: "format!(\"{display}\")"
---
suggestion[lint_rule_name]
   |
   | message
   |
help: help_text
   = see: https://alpm.archlinux.page/lints/index.html#lint_rule_name
