---
source: alpm-lint/tests/display.rs
description: warn severity level display.
expression: "format!(\"{display}\")"
---
warning[lint_rule_name]
   |
   | message
   |
help: help_text
   = see: https://alpm.archlinux.page/lints/index.html#lint_rule_name
