---
source: alpm-lint/tests/display.rs
description: Display with summary line.
expression: "format!(\"{display}\")"
---
error[lint_rule_name]: summary
   |
   | message
   |
help: help_text
   = see: https://alpm.archlinux.page/lints/index.html#lint_rule_name
