---
source: alpm-types/tests/integration.rs
description: example-1.0.0-1-x86_64.foo.zst
expression: "format!(\"{error}\")"
---
example-1.0.0-1-x86_64.foo.zst
                       ^
invalid alpm-package file type identifier
expected `pkg`
