---
source: alpm-types/tests/integration.rs
description: example---x86_64.pkg.tar.zst
expression: "format!(\"{error}\")"
---
example---x86_64.pkg.tar.zst
        ^
invalid first pkgver character
expected ASCII alphanumeric character
