---
source: alpm-types/tests/integration.rs
description: example-pkg-1.0.0-1-x86_64.zst
expression: "format!(\"{error}\")"
---
example-pkg-1.0.0-1-x86_64.zst
                           ^
invalid alpm-package file type identifier
expected `pkg`
